../Core/Src/main.c:79:5:main	16	static
../Core/Src/main.c:138:6:SystemClock_Config	120	static
../Core/Src/main.c:201:13:MX_FDCAN1_Init	8	static
../Core/Src/main.c:254:13:MX_GPIO_Init	48	static
../Core/Src/main.c:344:6:MPU_Config	24	static
../Core/Src/main.c:371:13:Radio_Tx	16	static
../Core/Src/main.c:374:16:Sensors_Rx	4	static
../Core/Src/main.c:378:13:UART_Init	4	static
../Core/Src/main.c:381:13:UART_Tx	4	static
../Core/Src/main.c:384:13:UART_Rx	4	static
../Core/Src/main.c:393:6:Error_Handler	4	static,ignoring_inline_asm
